// Jest Snapshot v1, https://goo.gl/fbAQLP

exports[`should render loading state initially 1`] = `[Function]`;
